19:38:24 **** Incremental Build of configuration Debug for project bringup ****
make -j12 all 
arm-none-eabi-gcc "../Core/Src/main.c" -mcpu=cortex-m4 -std=gnu11 -g3 -DDEBUG -DUSE_HAL_DRIVER -DSTM32F302x8 -c -I../Core/Inc -I../Drivers/STM32F3xx_HAL_Driver/Inc -I../Drivers/STM32F3xx_HAL_Driver/Inc/Legacy -I../Drivers/CMSIS/Device/ST/STM32F3xx/Include -I../Drivers/CMSIS/Include -O0 -ffunction-sections -fdata-sections -Wall -fstack-usage -MMD -MP -MF"Core/Src/main.d" -MT"Core/Src/main.o" --specs=nano.specs -mfpu=fpv4-sp-d16 -mfloat-abi=hard -mthumb -o "Core/Src/main.o"
arm-none-eabi-gcc -o "bringup.elf" @"objects.list"   -mcpu=cortex-m4 -T"C:\Users\alexa\Documents\git\jibo\open-jibo-devkit-fw\src\motor\bringup\STM32F302C8TX_FLASH.ld" --specs=nosys.specs -Wl,-Map="bringup.map" -Wl,--gc-sections -static --specs=nano.specs -mfpu=fpv4-sp-d16 -mfloat-abi=hard -mthumb -Wl,--start-group -lc -lm -Wl,--end-group
Finished building target: bringup.elf
 
arm-none-eabi-size   bringup.elf 
arm-none-eabi-objdump -h -S  bringup.elf  > "bringup.list"
   text	   data	    bss	    dec	    hex	filename
  15564	     20	   1940	  17524	   4474	bringup.elf
Finished building: default.size.stdout
 
Finished building: bringup.list
 
19:38:27 **** Incremental Build of configuration Debug for project bringup ****
make -j12 all 
arm-none-eabi-size   bringup.elf 
   text	   data	    bss	    dec	    hex	filename
  15564	     20	   1940	  17524	   4474	bringup.elf
Finished building: default.size.stdout
 
19:38:44 **** Incremental Build of configuration Debug for project bringup ****
make -j12 all 
arm-none-eabi-size   bringup.elf 
   text	   data	    bss	    dec	    hex	filename
  15564	     20	   1940	  17524	   4474	bringup.elf
Finished building: default.size.stdout
 
