../Drivers/CMSIS/Include/core_cm4.h:2064:26:ITM_SendChar	16	static,ignoring_inline_asm
../Core/Src/main.c:76:5:main	16	static
../Core/Src/main.c:190:6:SystemClock_Config	120	static
../Core/Src/main.c:236:13:MX_CAN_Init	8	static
../Core/Src/main.c:273:13:MX_I2C2_Init	8	static
../Core/Src/main.c:321:13:MX_SPI2_Init	8	static
../Core/Src/main.c:361:13:MX_TIM2_Init	56	static
../Core/Src/main.c:410:13:MX_TIM16_Init	80	static
../Core/Src/main.c:473:13:MX_GPIO_Init	40	static
../Core/Src/main.c:517:5:_write	32	static
../Core/Src/main.c:532:6:Error_Handler	4	static,ignoring_inline_asm
